2025-01-23 16:24:38,524 | INFO | main.py - main - {
    "args": {
        "plm_name": "facebook/esm2_t12_35M_UR50D",
        "plm_type": "finetuned",
        "finetuned_model_path": "results/finetuning/YM",
        "finetuned_model_name": "esm2_35M_epoch15_high_batch64_constant_warmup0.0_lr5e-6/models/epoch1.pth",
        "remove_suffix": "module.",
        "model_name": "ridge",
        "dataset_dir": "data/property/YM_2nd/dataset",
        "log_dir": "results/prediction/YM_2nd/linear_model"
    }
}
2025-01-23 16:25:26,433 | INFO | main.py - main - {
    "args": {
        "plm_name": "facebook/esm2_t12_35M_UR50D",
        "plm_type": "finetuned",
        "finetuned_model_path": "results/finetuning/YM",
        "finetuned_model_name": "esm2_35M_epoch15_high_batch64_constant_warmup0.0_lr5e-6/models/epoch1.pth",
        "remove_suffix": "module.",
        "model_name": "lasso",
        "dataset_dir": "data/property/YM_2nd/dataset",
        "log_dir": "results/prediction/YM_2nd/linear_model"
    }
}
2025-01-23 16:28:24,587 | INFO | main.py - main - {
    "args": {
        "plm_name": "facebook/esm2_t12_35M_UR50D",
        "plm_type": "finetuned",
        "finetuned_model_path": "results/finetuning/YM",
        "finetuned_model_name": "esm2_35M_epoch15_high_batch64_constant_warmup0.0_lr5e-6/models/epoch1.pth",
        "remove_suffix": "module.",
        "model_name": "lassolars",
        "dataset_dir": "data/property/YM_2nd/dataset",
        "log_dir": "results/prediction/YM_2nd/linear_model"
    }
}
